EN decodificador1x2 NULL /export/convidado/Documentos/processador-amanda-giovana-leticia/Registrador/Decodificador1x2.vhd sub00/vhpl00 1781098071
EN mux2 NULL /export/convidado/Documentos/processador-amanda-giovana-leticia/Processador/mux2.vhd sub00/vhpl16 1781116112
EN registrador32 NULL /export/convidado/Documentos/processador-amanda-giovana-leticia/Registrador/Registrador32.vhd sub00/vhpl08 1781098079
AR decodificador2x4 behavioral /export/convidado/Documentos/processador-amanda-giovana-leticia/Registrador/Decodificador2x4.vhd sub00/vhpl03 1781098076
EN decodificador2x4 NULL /export/convidado/Documentos/processador-amanda-giovana-leticia/Registrador/Decodificador2x4.vhd sub00/vhpl02 1781098075
EN flipfloppc NULL /export/convidado/Documentos/processador-amanda-giovana-leticia/Processador/FlipFlopPC.vhd sub00/vhpl10 1781115371
AR registrador32 behavioral /export/convidado/Documentos/processador-amanda-giovana-leticia/Registrador/Registrador32.vhd sub00/vhpl09 1781098080
AR mux2 behavioral /export/convidado/Documentos/processador-amanda-giovana-leticia/Processador/mux2.vhd sub00/vhpl17 1781116113
EN pc NULL /export/convidado/Documentos/processador-amanda-giovana-leticia/Processador/PC.vhd sub00/vhpl12 1781115373
EN decodificador32 NULL /export/convidado/Documentos/processador-amanda-giovana-leticia/Registrador/Decodificador32.vhd sub00/vhpl06 1781098077
AR mux32bits_01 behavioral /export/convidado/Documentos/processador-amanda-giovana-leticia/Processador/MUX32bits_01.vhd sub00/vhpl19 1781116115
AR decodificador1x2 behavioral /export/convidado/Documentos/processador-amanda-giovana-leticia/Registrador/Decodificador1x2.vhd sub00/vhpl01 1781098072
AR flipfloppc behavioral /export/convidado/Documentos/processador-amanda-giovana-leticia/Processador/FlipFlopPC.vhd sub00/vhpl11 1781115372
EN registrador NULL /export/convidado/Documentos/processador-amanda-giovana-leticia/Registrador/Registrador.vhd sub00/vhpl04 1781098073
AR decodificador32 behavioral /export/convidado/Documentos/processador-amanda-giovana-leticia/Registrador/Decodificador32.vhd sub00/vhpl07 1781098078
EN mux32bits_01 NULL /export/convidado/Documentos/processador-amanda-giovana-leticia/Processador/MUX32bits_01.vhd sub00/vhpl18 1781116114
EN mux5bits NULL /export/convidado/Documentos/processador-amanda-giovana-leticia/Processador/MUX5bits.vhd sub00/vhpl14 1781115877
AR pc behavioral /export/convidado/Documentos/processador-amanda-giovana-leticia/Processador/PC.vhd sub00/vhpl13 1781115374
AR mux5bits behavioral /export/convidado/Documentos/processador-amanda-giovana-leticia/Processador/MUX5bits.vhd sub00/vhpl15 1781115878
AR registrador behavioral /export/convidado/Documentos/processador-amanda-giovana-leticia/Registrador/Registrador.vhd sub00/vhpl05 1781098074
